There are 4 files in group ''
    all_aml_test.cls
    all_aml_test.gct
    all_aml_train.cls
    all_aml_train.gct
   