stdBeta: 0.01467345572155609
stdBeta: 0.017707710600672062
stdBeta: 0.01535467636986933
stdBeta: 0.009298391717153118
stdBeta: 0.007547356568355908
stdBeta: 0.005407342158750023
stdBeta: 0.02317732289043907
stdBeta: 0.012684722750115706
stdBeta: 0.018469157856063265
stdBeta: 0.015867020511294388
stdBeta: 0.025740951315734138
stdBeta: 0.012778818892485002
stdBeta: 0.011053333265724842
stdBeta: 0.01285201334457871
stdBeta: 0.01849326838500017
stdBeta: 0.013208828290261845
stdBeta: 0.015501807805376817
stdBeta: 0.011572270174865092
stdBeta: 0.00725368280108021
stdBeta: 0.011348407173258024
stdBeta: 0.008738588833164411
stdBeta: 0.006452357492819883
Modelling...
